[
  {
    "symbol": "AAPL",
    "action": "HOLD",
    "reason": "ABOVE_SMA50_UNDER_1R",
    "rationale": "Hold AAPL: last 334.0650 > SMA50 322.3072, R=-0.39 — no risk action",
    "last": 334.065,
    "sma50": 322.3072,
    "r_multiple": -0.39,
    "qa": {
      "ok": true,
      "verdict": "PASS",
      "reasons": [
        "HOLD AAPL: ABOVE_SMA50_UNDER_1R"
      ],
      "deviations": []
    }
  },
  {
    "symbol": "DE",
    "action": "HOLD",
    "reason": "ABOVE_SMA50_UNDER_1R",
    "rationale": "Hold DE: last 682.4800 > SMA50 649.8629, R=-0.02 — no risk action",
    "last": 682.48,
    "sma50": 649.8629,
    "r_multiple": -0.02,
    "qa": {
      "ok": true,
      "verdict": "PASS",
      "reasons": [
        "HOLD DE: ABOVE_SMA50_UNDER_1R"
      ],
      "deviations": []
    }
  },
  {
    "symbol": "NTAP",
    "action": "HOLD",
    "reason": "ABOVE_SMA50_UNDER_1R",
    "rationale": "Hold NTAP: last 228.7200 > SMA50 194.6282, R=0.53 — no risk action",
    "last": 228.72,
    "sma50": 194.6282,
    "r_multiple": 0.53,
    "qa": {
      "ok": true,
      "verdict": "PASS",
      "reasons": [
        "HOLD NTAP: ABOVE_SMA50_UNDER_1R"
      ],
      "deviations": []
    }
  },
  {
    "symbol": "XLK",
    "action": "HOLD",
    "reason": "ABOVE_SMA50_UNDER_1R",
    "rationale": "Hold XLK: last 202.1050 > SMA50 187.1960, R=0.00 — no risk action",
    "last": 202.105,
    "sma50": 187.196,
    "r_multiple": 0,
    "qa": {
      "ok": true,
      "verdict": "PASS",
      "reasons": [
        "HOLD XLK: ABOVE_SMA50_UNDER_1R"
      ],
      "deviations": []
    }
  },
  {
    "symbol": "FTNT",
    "action": "TRAIL_SL",
    "reason": "HIT_1R",
    "rationale": "Trail SL on FTNT: R=1.22 ≥ 1R — new_stop=169.5600 (10d_low=169.5600, entry=176.7500, prior=165.78)",
    "last": 190.11,
    "sma50": 165.0358,
    "new_stop_loss": 169.56,
    "prior_stop_loss": 165.78,
    "trail_floor": 169.56,
    "r_multiple": 1.22,
    "qa": {
      "ok": true,
      "verdict": "PASS",
      "reasons": [
        "PASS TRAIL_SL FTNT: HIT_1R"
      ],
      "deviations": []
    }
  },
  {
    "symbol": "VTRS",
    "action": "HOLD",
    "reason": "ABOVE_SMA50_UNDER_1R",
    "rationale": "Hold VTRS: last 17.5500 > SMA50 16.9052, R=0.00 — no risk action",
    "last": 17.55,
    "sma50": 16.9052,
    "r_multiple": 0,
    "qa": {
      "ok": true,
      "verdict": "PASS",
      "reasons": [
        "HOLD VTRS: ABOVE_SMA50_UNDER_1R"
      ],
      "deviations": []
    }
  },
  {
    "symbol": "CRWD",
    "action": "HOLD",
    "reason": "ABOVE_SMA50_UNDER_1R",
    "rationale": "Hold CRWD: last 279.0700 > SMA50 223.5644, R=0.00 — no risk action",
    "last": 279.07,
    "sma50": 223.5644,
    "r_multiple": 0,
    "qa": {
      "ok": true,
      "verdict": "PASS",
      "reasons": [
        "HOLD CRWD: ABOVE_SMA50_UNDER_1R"
      ],
      "deviations": []
    }
  },
  {
    "symbol": "P",
    "action": "HOLD",
    "reason": "TRAIL_NO_RAISE",
    "rationale": "Hold P: ≥1R but trail would not raise stop (prior=108.11, floor=107.1000)",
    "last": 147.29,
    "sma50": 104.8952,
    "r_multiple": 1.66,
    "qa": {
      "ok": true,
      "verdict": "PASS",
      "reasons": [
        "HOLD P: TRAIL_NO_RAISE"
      ],
      "deviations": []
    }
  },
  {
    "symbol": "NDSN",
    "action": "HOLD",
    "reason": "ABOVE_SMA50_UNDER_1R",
    "rationale": "Hold NDSN: last 335.2000 > SMA50 316.3689, R=0.26 — no risk action",
    "last": 335.2,
    "sma50": 316.3689,
    "r_multiple": 0.26,
    "qa": {
      "ok": true,
      "verdict": "PASS",
      "reasons": [
        "HOLD NDSN: ABOVE_SMA50_UNDER_1R"
      ],
      "deviations": []
    }
  },
  {
    "symbol": "ETH",
    "action": "TRAIL_SL",
    "reason": "HIT_1R",
    "rationale": "Trail SL on ETH: R=1.31 ≥ 1R — new_stop=2492.6400 (10d_low=2635.4846, entry=2492.6400, prior=None)",
    "last": 2688.6799,
    "sma50": 2533.2721,
    "new_stop_loss": 2492.64,
    "prior_stop_loss": null,
    "trail_floor": 2635.4846,
    "r_multiple": 1.31,
    "qa": {
      "ok": true,
      "verdict": "PASS",
      "reasons": [
        "PASS TRAIL_SL ETH: HIT_1R"
      ],
      "deviations": []
    }
  }
]
