[
  {
    "symbol": "AAPL",
    "action": "HOLD",
    "reason": "ABOVE_SMA50_UNDER_1R",
    "rationale": "Hold AAPL: last 332.5700 > SMA50 322.3519, R=-0.45 — no risk action",
    "last": 332.57,
    "sma50": 322.3519,
    "r_multiple": -0.45,
    "qa": {
      "ok": true,
      "verdict": "PASS",
      "reasons": [
        "HOLD AAPL: ABOVE_SMA50_UNDER_1R"
      ],
      "deviations": []
    }
  },
  {
    "symbol": "DE",
    "action": "HOLD",
    "reason": "ABOVE_SMA50_UNDER_1R",
    "rationale": "Hold DE: last 683.9600 > SMA50 648.7191, R=0.02 — no risk action",
    "last": 683.96,
    "sma50": 648.7191,
    "r_multiple": 0.02,
    "qa": {
      "ok": true,
      "verdict": "PASS",
      "reasons": [
        "HOLD DE: ABOVE_SMA50_UNDER_1R"
      ],
      "deviations": []
    }
  },
  {
    "symbol": "NTAP",
    "action": "HOLD",
    "reason": "ABOVE_SMA50_UNDER_1R",
    "rationale": "Hold NTAP: last 222.2200 > SMA50 193.4188, R=0.09 — no risk action",
    "last": 222.22,
    "sma50": 193.4188,
    "r_multiple": 0.09,
    "qa": {
      "ok": true,
      "verdict": "PASS",
      "reasons": [
        "HOLD NTAP: ABOVE_SMA50_UNDER_1R"
      ],
      "deviations": []
    }
  },
  {
    "symbol": "XLK",
    "action": "HOLD",
    "reason": "ABOVE_SMA50_UNDER_1R",
    "rationale": "Hold XLK: last 200.9300 > SMA50 186.6358, R=0.00 — no risk action",
    "last": 200.93,
    "sma50": 186.6358,
    "r_multiple": 0,
    "qa": {
      "ok": true,
      "verdict": "PASS",
      "reasons": [
        "HOLD XLK: ABOVE_SMA50_UNDER_1R"
      ],
      "deviations": []
    }
  },
  {
    "symbol": "FTNT",
    "action": "HOLD",
    "reason": "ABOVE_SMA50_UNDER_1R",
    "rationale": "Hold FTNT: last 183.5815 > SMA50 164.2702, R=0.62 — no risk action",
    "last": 183.5815,
    "sma50": 164.2702,
    "r_multiple": 0.62,
    "qa": {
      "ok": true,
      "verdict": "PASS",
      "reasons": [
        "HOLD FTNT: ABOVE_SMA50_UNDER_1R"
      ],
      "deviations": []
    }
  },
  {
    "symbol": "VTRS",
    "action": "HOLD",
    "reason": "ABOVE_SMA50_UNDER_1R",
    "rationale": "Hold VTRS: last 17.6350 > SMA50 16.9047, R=0.00 — no risk action",
    "last": 17.635,
    "sma50": 16.9047,
    "r_multiple": 0,
    "qa": {
      "ok": true,
      "verdict": "PASS",
      "reasons": [
        "HOLD VTRS: ABOVE_SMA50_UNDER_1R"
      ],
      "deviations": []
    }
  },
  {
    "symbol": "CRWD",
    "action": "HOLD",
    "reason": "ABOVE_SMA50_UNDER_1R",
    "rationale": "Hold CRWD: last 272.2650 > SMA50 221.5771, R=0.00 — no risk action",
    "last": 272.265,
    "sma50": 221.5771,
    "r_multiple": 0,
    "qa": {
      "ok": true,
      "verdict": "PASS",
      "reasons": [
        "HOLD CRWD: ABOVE_SMA50_UNDER_1R"
      ],
      "deviations": []
    }
  },
  {
    "symbol": "P",
    "action": "HOLD",
    "reason": "TRAIL_NO_RAISE",
    "rationale": "Hold P: ≥1R but trail would not raise stop (prior=108.11, floor=107.1000)",
    "last": 143.44,
    "sma50": 103.4248,
    "r_multiple": 1.4,
    "qa": {
      "ok": true,
      "verdict": "PASS",
      "reasons": [
        "HOLD P: TRAIL_NO_RAISE"
      ],
      "deviations": []
    }
  },
  {
    "symbol": "NDSN",
    "action": "HOLD",
    "reason": "ABOVE_SMA50_UNDER_1R",
    "rationale": "Hold NDSN: last 335.3400 > SMA50 315.6131, R=0.27 — no risk action",
    "last": 335.34,
    "sma50": 315.6131,
    "r_multiple": 0.27,
    "qa": {
      "ok": true,
      "verdict": "PASS",
      "reasons": [
        "HOLD NDSN: ABOVE_SMA50_UNDER_1R"
      ],
      "deviations": []
    }
  }
]
