[
  {
    "symbol": "P",
    "action": "MOVE_SL_BREAKEVEN",
    "reason": "HIT_2R",
    "rationale": "Move SL to breakeven on P: R=2.04 ≥ 2 (last 152.9500, entry 122.8600)",
    "last": 152.95,
    "sma50": 106.4926,
    "new_stop_loss": 122.86,
    "prior_stop_loss": 108.11,
    "r_multiple": 2.04,
    "qa": {
      "ok": true,
      "verdict": "PASS",
      "reasons": [
        "PASS MOVE_SL_BREAKEVEN P: HIT_2R"
      ],
      "deviations": []
    }
  },
  {
    "symbol": "CRWD",
    "action": "HOLD",
    "reason": "ABOVE_SMA50_UNDER_1R",
    "rationale": "Hold CRWD: last 265.1400 > SMA50 225.2270, R=0.00 — no risk action",
    "last": 265.14,
    "sma50": 225.227,
    "r_multiple": 0,
    "qa": {
      "ok": true,
      "verdict": "PASS",
      "reasons": [
        "HOLD CRWD: ABOVE_SMA50_UNDER_1R"
      ],
      "deviations": []
    }
  },
  {
    "symbol": "XLK",
    "action": "HOLD",
    "reason": "ABOVE_SMA50_UNDER_1R",
    "rationale": "Hold XLK: last 201.3500 > SMA50 187.8031, R=0.00 — no risk action",
    "last": 201.35,
    "sma50": 187.8031,
    "r_multiple": 0,
    "qa": {
      "ok": true,
      "verdict": "PASS",
      "reasons": [
        "HOLD XLK: ABOVE_SMA50_UNDER_1R"
      ],
      "deviations": []
    }
  },
  {
    "symbol": "FTNT",
    "action": "TRAIL_SL",
    "reason": "HIT_1R",
    "rationale": "Trail SL on FTNT: R=1.14 ≥ 1R — new_stop=169.5600 (10d_low=169.5600, entry=176.7500, prior=165.78)",
    "last": 189.25,
    "sma50": 165.8444,
    "new_stop_loss": 169.56,
    "prior_stop_loss": 165.78,
    "trail_floor": 169.56,
    "r_multiple": 1.14,
    "qa": {
      "ok": true,
      "verdict": "PASS",
      "reasons": [
        "PASS TRAIL_SL FTNT: HIT_1R"
      ],
      "deviations": []
    }
  },
  {
    "symbol": "NTAP",
    "action": "HOLD",
    "reason": "ABOVE_SMA50_UNDER_1R",
    "rationale": "Hold NTAP: last 235.4400 > SMA50 195.8410, R=0.98 — no risk action",
    "last": 235.44,
    "sma50": 195.841,
    "r_multiple": 0.98,
    "qa": {
      "ok": true,
      "verdict": "PASS",
      "reasons": [
        "HOLD NTAP: ABOVE_SMA50_UNDER_1R"
      ],
      "deviations": []
    }
  },
  {
    "symbol": "VTRS",
    "action": "HOLD",
    "reason": "ABOVE_SMA50_UNDER_1R",
    "rationale": "Hold VTRS: last 17.4600 > SMA50 16.8996, R=0.00 — no risk action",
    "last": 17.46,
    "sma50": 16.8996,
    "r_multiple": 0,
    "qa": {
      "ok": true,
      "verdict": "PASS",
      "reasons": [
        "HOLD VTRS: ABOVE_SMA50_UNDER_1R"
      ],
      "deviations": []
    }
  },
  {
    "symbol": "NDSN",
    "action": "HOLD",
    "reason": "ABOVE_SMA50_UNDER_1R",
    "rationale": "Hold NDSN: last 328.2100 > SMA50 316.8786, R=-0.09 — no risk action",
    "last": 328.21,
    "sma50": 316.8786,
    "r_multiple": -0.09,
    "qa": {
      "ok": true,
      "verdict": "PASS",
      "reasons": [
        "HOLD NDSN: ABOVE_SMA50_UNDER_1R"
      ],
      "deviations": []
    }
  },
  {
    "symbol": "DE",
    "action": "HOLD",
    "reason": "ABOVE_SMA50_UNDER_1R",
    "rationale": "Hold DE: last 658.6825 > SMA50 650.2764, R=-0.61 — no risk action",
    "last": 658.6825,
    "sma50": 650.2764,
    "r_multiple": -0.61,
    "qa": {
      "ok": true,
      "verdict": "PASS",
      "reasons": [
        "HOLD DE: ABOVE_SMA50_UNDER_1R"
      ],
      "deviations": []
    }
  },
  {
    "symbol": "AAPL",
    "action": "HOLD",
    "reason": "ABOVE_SMA50_UNDER_1R",
    "rationale": "Hold AAPL: last 336.1800 > SMA50 322.2264, R=-0.29 — no risk action",
    "last": 336.18,
    "sma50": 322.2264,
    "r_multiple": -0.29,
    "qa": {
      "ok": true,
      "verdict": "PASS",
      "reasons": [
        "HOLD AAPL: ABOVE_SMA50_UNDER_1R"
      ],
      "deviations": []
    }
  },
  {
    "symbol": "MRVL",
    "action": "HOLD",
    "reason": "ABOVE_SMA50_UNDER_1R",
    "rationale": "Hold MRVL: last 285.5264 > SMA50 232.4451, R=-0.07 — no risk action",
    "last": 285.5264,
    "sma50": 232.4451,
    "r_multiple": -0.07,
    "qa": {
      "ok": true,
      "verdict": "PASS",
      "reasons": [
        "HOLD MRVL: ABOVE_SMA50_UNDER_1R"
      ],
      "deviations": []
    }
  },
  {
    "symbol": "ETH",
    "action": "HOLD",
    "reason": "ABOVE_SMA50_UNDER_1R",
    "rationale": "Hold ETH: last 2568.3301 > SMA50 2546.4862, R=0.51 — no risk action",
    "last": 2568.3301,
    "sma50": 2546.4862,
    "r_multiple": 0.51,
    "qa": {
      "ok": true,
      "verdict": "PASS",
      "reasons": [
        "HOLD ETH: ABOVE_SMA50_UNDER_1R"
      ],
      "deviations": []
    }
  }
]
