[
  {
    "symbol": "XLK",
    "action": "TRAIL_SL",
    "reason": "HIT_1R",
    "rationale": "Trail SL on XLK: R=1.08 ≥ 1R — new_stop=187.8000 (10d_low=190.9700, entry=187.8000, prior=176.58)",
    "last": 199.89,
    "sma50": 186.1323,
    "new_stop_loss": 187.8,
    "prior_stop_loss": 176.58,
    "trail_floor": 190.97,
    "r_multiple": 1.08,
    "qa": {
      "ok": true,
      "verdict": "PASS",
      "reasons": [
        "PASS TRAIL_SL XLK: HIT_1R"
      ],
      "deviations": []
    }
  },
  {
    "symbol": "VTRS",
    "action": "HOLD",
    "reason": "ABOVE_SMA50_UNDER_1R",
    "rationale": "Hold VTRS: last 17.6150 > SMA50 16.8945, R=0.00 — no risk action",
    "last": 17.615,
    "sma50": 16.8945,
    "r_multiple": 0,
    "qa": {
      "ok": true,
      "verdict": "PASS",
      "reasons": [
        "HOLD VTRS: ABOVE_SMA50_UNDER_1R"
      ],
      "deviations": []
    }
  },
  {
    "symbol": "CRWD",
    "action": "MOVE_SL_BREAKEVEN",
    "reason": "HIT_2R",
    "rationale": "Move SL to breakeven on CRWD: R=2.46 ≥ 2 (last 269.4350, entry 242.0000)",
    "last": 269.435,
    "sma50": 219.7853,
    "new_stop_loss": 242.0,
    "prior_stop_loss": 230.85,
    "r_multiple": 2.46,
    "qa": {
      "ok": true,
      "verdict": "PASS",
      "reasons": [
        "PASS MOVE_SL_BREAKEVEN CRWD: HIT_2R"
      ],
      "deviations": []
    }
  },
  {
    "symbol": "P",
    "action": "HOLD",
    "reason": "TRAIL_NO_RAISE",
    "rationale": "Hold P: ≥1R but trail would not raise stop (prior=108.11, floor=104.4000)",
    "last": 140.19,
    "sma50": 102.0482,
    "r_multiple": 1.17,
    "qa": {
      "ok": true,
      "verdict": "PASS",
      "reasons": [
        "HOLD P: TRAIL_NO_RAISE"
      ],
      "deviations": []
    }
  }
]
