[
  {
    "symbol": "AAPL",
    "etoro_symbol": "AAPL",
    "yahoo_symbol": "AAPL",
    "asset_class": "STOCK",
    "price": 341.27,
    "current_price": 341.27,
    "stop_loss": 320.79,
    "amount_usd": 1000,
    "setup_type": "VCP_READY",
    "rs_rating": 86,
    "rvol": 0.44,
    "vcp_contraction": "12.9% -> 8.7% -> 4.9%",
    "day_pct": 1.59,
    "week_pct": 1.53,
    "month_pct": 8.87,
    "regime_mode": "HEALTHY",
    "sleeve": "VCP_SETUP",
    "action": "BUY",
    "reason": "VCP_SETUP",
    "rationale": "VCP_SETUP on STOCK AAPL: RS=86 RVOL=0.44 VCP=12.9% -> 8.7% -> 4.9% | VCP_SETUP on STOCK AAPL: RS=86 DWM d/w/m=1.59/1.53/8.87 regime=HEALTHY",
    "mcp_order_params": {
      "account": "real",
      "direction": "buy",
      "symbol": "AAPL",
      "orderType": "mkt",
      "leverage": 1,
      "amount": 1000,
      "stopLossRate": 320.79,
      "stopLossType": "fixed"
    },
    "near_misses_path": "/workspace/momentum_audit/near-miss-2026-09-25.json",
    "qa": {
      "ok": true,
      "verdict": "PASS",
      "reasons": [
        "PASS AAPL: VCP_SETUP on STOCK AAPL: RS=86 DWM d/w/m=1.59/1.53/8.87 regime=HEALTHY | RS=86 RVOL=0.44 class=STOCK"
      ],
      "deviations": []
    },
    "qa_pack": {
      "ok": true,
      "verdict": "PASS",
      "reasons": [
        "Screener pack PASS (3 buys: stocks=3 breakout=0 etf=0 commodity=0, 3 rows)"
      ],
      "deviations": []
    }
  },
  {
    "symbol": "MET",
    "etoro_symbol": "MET",
    "yahoo_symbol": "MET",
    "asset_class": "STOCK",
    "price": 98.21,
    "current_price": 98.21,
    "stop_loss": 92.31,
    "amount_usd": 1000,
    "setup_type": "VCP_READY",
    "rs_rating": 84,
    "rvol": 0.56,
    "vcp_contraction": "10.1% -> 5.4% -> 3.6%",
    "day_pct": 0.98,
    "week_pct": 1.2,
    "month_pct": 1.75,
    "regime_mode": "HEALTHY",
    "sleeve": "VCP_SETUP",
    "action": "BUY",
    "reason": "VCP_SETUP",
    "rationale": "VCP_SETUP on STOCK MET: RS=84 RVOL=0.56 VCP=10.1% -> 5.4% -> 3.6% | VCP_SETUP on STOCK MET: RS=84 DWM d/w/m=0.98/1.20/1.75 regime=HEALTHY",
    "mcp_order_params": {
      "account": "real",
      "direction": "buy",
      "symbol": "MET",
      "orderType": "mkt",
      "leverage": 1,
      "amount": 1000,
      "stopLossRate": 92.31,
      "stopLossType": "fixed"
    },
    "near_misses_path": "/workspace/momentum_audit/near-miss-2026-09-25.json",
    "qa": {
      "ok": true,
      "verdict": "PASS",
      "reasons": [
        "PASS MET: VCP_SETUP on STOCK MET: RS=84 DWM d/w/m=0.98/1.20/1.75 regime=HEALTHY | RS=84 RVOL=0.56 class=STOCK"
      ],
      "deviations": []
    },
    "qa_pack": {
      "ok": true,
      "verdict": "PASS",
      "reasons": [
        "Screener pack PASS (3 buys: stocks=3 breakout=0 etf=0 commodity=0, 3 rows)"
      ],
      "deviations": []
    }
  },
  {
    "symbol": "JNJ",
    "etoro_symbol": "JNJ",
    "yahoo_symbol": "JNJ",
    "asset_class": "STOCK",
    "price": 271.65,
    "current_price": 271.65,
    "stop_loss": 255.36,
    "amount_usd": 1000,
    "setup_type": "VCP_READY",
    "rs_rating": 81,
    "rvol": 0.38,
    "vcp_contraction": "11.2% -> 6.1% -> 5.3%",
    "day_pct": 0.36,
    "week_pct": 0.62,
    "month_pct": 0.61,
    "regime_mode": "HEALTHY",
    "sleeve": "VCP_SETUP",
    "action": "BUY",
    "reason": "VCP_SETUP",
    "rationale": "VCP_SETUP on STOCK JNJ: RS=81 RVOL=0.38 VCP=11.2% -> 6.1% -> 5.3% | VCP_SETUP on STOCK JNJ: RS=81 DWM d/w/m=0.36/0.62/0.61 regime=HEALTHY",
    "mcp_order_params": {
      "account": "real",
      "direction": "buy",
      "symbol": "JNJ",
      "orderType": "mkt",
      "leverage": 1,
      "amount": 1000,
      "stopLossRate": 255.36,
      "stopLossType": "fixed"
    },
    "near_misses_path": "/workspace/momentum_audit/near-miss-2026-09-25.json",
    "qa": {
      "ok": true,
      "verdict": "PASS",
      "reasons": [
        "PASS JNJ: VCP_SETUP on STOCK JNJ: RS=81 DWM d/w/m=0.36/0.62/0.61 regime=HEALTHY | RS=81 RVOL=0.38 class=STOCK"
      ],
      "deviations": []
    },
    "qa_pack": {
      "ok": true,
      "verdict": "PASS",
      "reasons": [
        "Screener pack PASS (3 buys: stocks=3 breakout=0 etf=0 commodity=0, 3 rows)"
      ],
      "deviations": []
    }
  }
]
